// Jest Snapshot v1, https://goo.gl/fbAQLP

exports[`<Alert /> render correctly 1`] = `
ShallowWrapper {
  Symbol(enzyme.__root__): [Circular],
  Symbol(enzyme.__unrendered__): <Alert
    message="Foobar"
    retryAction={[Function]}
/>,
  Symbol(enzyme.__renderer__): Object {
    "batchedUpdates": [Function],
    "getNode": [Function],
    "render": [Function],
    "simulateEvent": [Function],
    "unmount": [Function],
  },
  Symbol(enzyme.__node__): Object {
    "instance": null,
    "key": undefined,
    "nodeType": "host",
    "props": Object {
      "children": Array [
        <p
          className="alert__message"
>
          Foobar
</p>,
        <Button
          onClick={[Function]}
          type="button"
>
          Try Again
</Button>,
      ],
      "className": "alert",
    },
    "ref": null,
    "rendered": Array [
      Object {
        "instance": null,
        "key": undefined,
        "nodeType": "host",
        "props": Object {
          "children": "Foobar",
          "className": "alert__message",
        },
        "ref": null,
        "rendered": "Foobar",
        "type": "p",
      },
      Object {
        "instance": null,
        "key": undefined,
        "nodeType": "function",
        "props": Object {
          "children": "Try Again",
          "onClick": [Function],
          "type": "button",
        },
        "ref": null,
        "rendered": "Try Again",
        "type": [Function],
      },
    ],
    "type": "div",
  },
  Symbol(enzyme.__nodes__): Array [
    Object {
      "instance": null,
      "key": undefined,
      "nodeType": "host",
      "props": Object {
        "children": Array [
          <p
            className="alert__message"
>
            Foobar
</p>,
          <Button
            onClick={[Function]}
            type="button"
>
            Try Again
</Button>,
        ],
        "className": "alert",
      },
      "ref": null,
      "rendered": Array [
        Object {
          "instance": null,
          "key": undefined,
          "nodeType": "host",
          "props": Object {
            "children": "Foobar",
            "className": "alert__message",
          },
          "ref": null,
          "rendered": "Foobar",
          "type": "p",
        },
        Object {
          "instance": null,
          "key": undefined,
          "nodeType": "function",
          "props": Object {
            "children": "Try Again",
            "onClick": [Function],
            "type": "button",
          },
          "ref": null,
          "rendered": "Try Again",
          "type": [Function],
        },
      ],
      "type": "div",
    },
  ],
  Symbol(enzyme.__options__): Object {
    "adapter": ReactSixteenAdapter {
      "options": Object {
        "enableComponentDidUpdateOnSetState": true,
        "lifecycles": Object {
          "componentDidUpdate": Object {
            "onSetState": true,
          },
          "getSnapshotBeforeUpdate": true,
        },
      },
    },
    "attachTo": undefined,
    "hydrateIn": undefined,
  },
}
`;
